// Jest Snapshot v1, https://goo.gl/fbAQLP

exports[`Amount element renders correctly with the required props passed to it 1`] = `
<div
  className="makeStyles-container-2"
>
  <TextFieldComponent
    label="Amount"
    onChangeCallback={[Function]}
    value={12}
  />
  <WithStyles(ForwardRef(Button))
    aria-label="convert currency button"
    classes={
      Object {
        "root": "makeStyles-button-1",
      }
    }
    color="primary"
    onClick={[Function]}
    size="large"
    startIcon={<UNDEFINED />}
    variant="contained"
  >
    Test Button Text
  </WithStyles(ForwardRef(Button))>
</div>
`;
